20:29:06 **** Build of project project1_bsp ****
make -k all 
make: Warning: File `Makefile' has modification time 19 s in the future
Running Make include in microblaze_0/libsrc/tmrctr_v4_5/src
make -C microblaze_0/libsrc/tmrctr_v4_5/src -s include  "SHELL=/bin/sh" "COMPILER=mb-gcc" "ARCHIVER=mb-ar" "COMPILER_FLAGS=  -O2 -c -mcpu=v11.0 -mlittle-endian -mno-xl-soft-mul -mxl-barrel-shift" "EXTRA_COMPILER_FLAGS=-ffunction-sections -fdata-sections -Wall -Wextra"
make[1]: Warning: File `Makefile' has modification time 17 s in the future
make[1]: warning:  Clock skew detected.  Your build may be incomplete.
Running Make include in microblaze_0/libsrc/standalone_v6_8/src
make -C microblaze_0/libsrc/standalone_v6_8/src -s include  "SHELL=/bin/sh" "COMPILER=mb-gcc" "ARCHIVER=mb-ar" "COMPILER_FLAGS=  -O2 -c -mcpu=v11.0 -mlittle-endian -mno-xl-soft-mul -mxl-barrel-shift" "EXTRA_COMPILER_FLAGS=-ffunction-sections -fdata-sections -Wall -Wextra"
make[1]: Warning: File `config.make' has modification time 18 s in the future
make[2]: Warning: File `../config.make' has modification time 17 s in the future
make[2]: warning:  Clock skew detected.  Your build may be incomplete.
make[1]: warning:  Clock skew detected.  Your build may be incomplete.
Running Make include in microblaze_0/libsrc/sevenSeg_v1_0/src
make[1]: Warning: File `Makefile' has modification time 16 s in the future
make -C microblaze_0/libsrc/sevenSeg_v1_0/src -s include  "SHELL=/bin/sh" "COMPILER=mb-gcc" "ARCHIVER=mb-ar" "COMPILER_FLAGS=  -O2 -c -mcpu=v11.0 -mlittle-endian -mno-xl-soft-mul -mxl-barrel-shift" "EXTRA_COMPILER_FLAGS=-ffunction-sections -fdata-sections -Wall -Wextra"
make[1]: warning:  Clock skew detected.  Your build may be incomplete.
Running Make include in microblaze_0/libsrc/uartlite_v3_2/src
make -C microblaze_0/libsrc/uartlite_v3_2/src -s include  "SHELL=/bin/sh" "COMPILER=mb-gcc" "ARCHIVER=mb-ar" "COMPILER_FLAGS=  -O2 -c -mcpu=v11.0 -mlittle-endian -mno-xl-soft-mul -mxl-barrel-shift" "EXTRA_COMPILER_FLAGS=-ffunction-sections -fdata-sections -Wall -Wextra"
make[1]: Warning: File `Makefile' has modification time 16 s in the future
make[1]: warning:  Clock skew detected.  Your build may be incomplete.
Running Make include in microblaze_0/libsrc/bram_v4_2/src
make -C microblaze_0/libsrc/bram_v4_2/src -s include  "SHELL=/bin/sh" "COMPILER=mb-gcc" "ARCHIVER=mb-ar" "COMPILER_FLAGS=  -O2 -c -mcpu=v11.0 -mlittle-endian -mno-xl-soft-mul -mxl-barrel-shift" "EXTRA_COMPILER_FLAGS=-ffunction-sections -fdata-sections -Wall -Wextra"
make[1]: Warning: File `Makefile' has modification time 16 s in the future
make[1]: warning:  Clock skew detected.  Your build may be incomplete.
Running Make include in microblaze_0/libsrc/cpu_v2_8/src
make -C microblaze_0/libsrc/cpu_v2_8/src -s include  "SHELL=/bin/sh" "COMPILER=mb-gcc" "ARCHIVER=mb-ar" "COMPILER_FLAGS=  -O2 -c -mcpu=v11.0 -mlittle-endian -mno-xl-soft-mul -mxl-barrel-shift" "EXTRA_COMPILER_FLAGS=-ffunction-sections -fdata-sections -Wall -Wextra"
make[1]: Warning: File `Makefile' has modification time 12 s in the future
make[1]: warning:  Clock skew detected.  Your build may be incomplete.
Running Make include in microblaze_0/libsrc/gpio_v4_3/src
make -C microblaze_0/libsrc/gpio_v4_3/src -s include  "SHELL=/bin/sh" "COMPILER=mb-gcc" "ARCHIVER=mb-ar" "COMPILER_FLAGS=  -O2 -c -mcpu=v11.0 -mlittle-endian -mno-xl-soft-mul -mxl-barrel-shift" "EXTRA_COMPILER_FLAGS=-ffunction-sections -fdata-sections -Wall -Wextra"
make[1]: Warning: File `Makefile' has modification time 16 s in the future
make[1]: warning:  Clock skew detected.  Your build may be incomplete.
Running Make include in microblaze_0/libsrc/intc_v3_8/src
make -C microblaze_0/libsrc/intc_v3_8/src -s include  "SHELL=/bin/sh" "COMPILER=mb-gcc" "ARCHIVER=mb-ar" "COMPILER_FLAGS=  -O2 -c -mcpu=v11.0 -mlittle-endian -mno-xl-soft-mul -mxl-barrel-shift" "EXTRA_COMPILER_FLAGS=-ffunction-sections -fdata-sections -Wall -Wextra"
make[1]: Warning: File `Makefile' has modification time 16 s in the future
make[1]: warning:  Clock skew detected.  Your build may be incomplete.
Running Make libs in microblaze_0/libsrc/tmrctr_v4_5/src
make -C microblaze_0/libsrc/tmrctr_v4_5/src -s libs  "SHELL=/bin/sh" "COMPILER=mb-gcc" "ARCHIVER=mb-ar" "COMPILER_FLAGS=  -O2 -c -mcpu=v11.0 -mlittle-endian -mno-xl-soft-mul -mxl-barrel-shift" "EXTRA_COMPILER_FLAGS=-ffunction-sections -fdata-sections -Wall -Wextra"
make[1]: Warning: File `Makefile' has modification time 16 s in the future
Compiling tmrctr
mb-ar: creating ../../../lib/libxil.a
make[2]: Warning: File `Makefile' has modification time 15 s in the future
make[2]: warning:  Clock skew detected.  Your build may be incomplete.
Running Make libs in microblaze_0/libsrc/standalone_v6_8/src
make[1]: warning:  Clock skew detected.  Your build may be incomplete.
make -C microblaze_0/libsrc/standalone_v6_8/src -s libs  "SHELL=/bin/sh" "COMPILER=mb-gcc" "ARCHIVER=mb-ar" "COMPILER_FLAGS=  -O2 -c -mcpu=v11.0 -mlittle-endian -mno-xl-soft-mul -mxl-barrel-shift" "EXTRA_COMPILER_FLAGS=-ffunction-sections -fdata-sections -Wall -Wextra"
make[1]: Warning: File `config.make' has modification time 16 s in the future
Compiling standalone
microblaze_sleep.c:77:9: note: #pragma message: For the sleep routines, assembly instructions are used
 #pragma message ("For the sleep routines, assembly instructions are used")
         ^~~~~~~
make[1]: warning:  Clock skew detected.  Your build may be incomplete.
Running Make libs in microblaze_0/libsrc/sevenSeg_v1_0/src
make[1]: Warning: File `Makefile' has modification time 12 s in the future
make -C microblaze_0/libsrc/sevenSeg_v1_0/src -s libs  "SHELL=/bin/sh" "COMPILER=mb-gcc" "ARCHIVER=mb-ar" "COMPILER_FLAGS=  -O2 -c -mcpu=v11.0 -mlittle-endian -mno-xl-soft-mul -mxl-barrel-shift" "EXTRA_COMPILER_FLAGS=-ffunction-sections -fdata-sections -Wall -Wextra"
Compiling sevenSeg...
In file included from sevenSeg_selftest.c:3:0:
sevenSeg_selftest.c: In function 'SEVENSEG_Reg_SelfTest':
sevenSeg.h:46:4: warning: implicit declaration of function 'Xil_Out32' [-Wimplicit-function-declaration]
    Xil_Out32((BaseAddress) + (RegOffset), (u32)(Data))
    ^
sevenSeg_selftest.c:50:4: note: in expansion of macro 'SEVENSEG_mWriteReg'
    SEVENSEG_mWriteReg (baseaddr, write_loop_index*4, (write_loop_index+1)*READ_WRITE_MUL_FACTOR);
    ^~~~~~~~~~~~~~~~~~
sevenSeg.h:66:5: warning: implicit declaration of function 'Xil_In32' [-Wimplicit-function-declaration]
     Xil_In32((BaseAddress) + (RegOffset))
     ^
sevenSeg_selftest.c:52:9: note: in expansion of macro 'SEVENSEG_mReadReg'
    if ( SEVENSEG_mReadReg (baseaddr, read_loop_index*4) != (read_loop_index+1)*READ_WRITE_MUL_FACTOR){
         ^~~~~~~~~~~~~~~~~
sevenSeg_selftest.c:36:6: warning: unused variable 'Index' [-Wunused-variable]
  int Index;
Running Make libs in microblaze_0/libsrc/uartlite_v3_2/src
make -C microblaze_0/libsrc/uartlite_v3_2/src -s libs  "SHELL=/bin/sh" "COMPILER=mb-gcc" "ARCHIVER=mb-ar" "COMPILER_FLAGS=  -O2 -c -mcpu=v11.0 -mlittle-endian -mno-xl-soft-mul -mxl-barrel-shift" "EXTRA_COMPILER_FLAGS=-ffunction-sections -fdata-sections -Wall -Wextra"
      ^~~~~
Compiling uartlite
make[2]: Warning: File `Makefile' has modification time 12 s in the future
make[2]: warning:  Clock skew detected.  Your build may be incomplete.
make[1]: warning:  Clock skew detected.  Your build may be incomplete.
make[1]: Warning: File `Makefile' has modification time 12 s in the future
make[2]: Warning: File `Makefile' has modification time 12 s in the future
make[2]: warning:  Clock skew detected.  Your build may be incomplete.
make[1]: warning:  Clock skew detected.  Your build may be incomplete.
Running Make libs in microblaze_0/libsrc/bram_v4_2/src
make -C microblaze_0/libsrc/bram_v4_2/src -s libs  "SHELL=/bin/sh" "COMPILER=mb-gcc" "ARCHIVER=mb-ar" "COMPILER_FLAGS=  -O2 -c -mcpu=v11.0 -mlittle-endian -mno-xl-soft-mul -mxl-barrel-shift" "EXTRA_COMPILER_FLAGS=-ffunction-sections -fdata-sections -Wall -Wextra"
make[1]: Warning: File `Makefile' has modification time 11 s in the future
Compiling bram
make[2]: Warning: File `Makefile' has modification time 10 s in the future
make[2]: warning:  Clock skew detected.  Your build may be incomplete.
make[1]: warning:  Clock skew detected.  Your build may be incomplete.
Running Make libs in microblaze_0/libsrc/cpu_v2_8/src
make -C microblaze_0/libsrc/cpu_v2_8/src -s libs  "SHELL=/bin/sh" "COMPILER=mb-gcc" "ARCHIVER=mb-ar" "COMPILER_FLAGS=  -O2 -c -mcpu=v11.0 -mlittle-endian -mno-xl-soft-mul -mxl-barrel-shift" "EXTRA_COMPILER_FLAGS=-ffunction-sections -fdata-sections -Wall -Wextra"
Compiling cpu
make[1]: Warning: File `Makefile' has modification time 7 s in the future
make[2]: Warning: File `Makefile' has modification time 6.9 s in the future
make[2]: warning:  Clock skew detected.  Your build may be incomplete.
make[1]: warning:  Clock skew detected.  Your build may be incomplete.
Running Make libs in microblaze_0/libsrc/gpio_v4_3/src
make -C microblaze_0/libsrc/gpio_v4_3/src -s libs  "SHELL=/bin/sh" "COMPILER=mb-gcc" "ARCHIVER=mb-ar" "COMPILER_FLAGS=  -O2 -c -mcpu=v11.0 -mlittle-endian -mno-xl-soft-mul -mxl-barrel-shift" "EXTRA_COMPILER_FLAGS=-ffunction-sections -fdata-sections -Wall -Wextra"
make[1]: Warning: File `Makefile' has modification time 10 s in the future
Compiling gpio
make[2]: Warning: File `Makefile' has modification time 9.5 s in the future
make[2]: warning:  Clock skew detected.  Your build may be incomplete.
make[1]: warning:  Clock skew detected.  Your build may be incomplete.
Running Make libs in microblaze_0/libsrc/intc_v3_8/src
make -C microblaze_0/libsrc/intc_v3_8/src -s libs  "SHELL=/bin/sh" "COMPILER=mb-gcc" "ARCHIVER=mb-ar" "COMPILER_FLAGS=  -O2 -c -mcpu=v11.0 -mlittle-endian -mno-xl-soft-mul -mxl-barrel-shift" "EXTRA_COMPILER_FLAGS=-ffunction-sections -fdata-sections -Wall -Wextra"
Compiling intc
make[1]: Warning: File `Makefile' has modification time 9.6 s in the future
make[2]: Warning: File `Makefile' has modification time 9 s in the future
make[2]: warning:  Clock skew detected.  Your build may be incomplete.
make[1]: warning:  Clock skew detected.  Your build may be incomplete.
Finished building libraries
make: warning:  Clock skew detected.  Your build may be incomplete.
20:29:14 **** Build of configuration Debug for project project1 ****
make all 
make: Warning: File `objects.mk' has modification time 22 s in the future
Building file: ../src/helloworld.c
Invoking: MicroBlaze gcc compiler
mb-gcc -Wall -O0 -g3 -c -fmessage-length=0 -MT"src/helloworld.o" -I../../project1_bsp/microblaze_0/include -mlittle-endian -mxl-barrel-shift -mcpu=v11.0 -mno-xl-soft-mul -Wl,--no-relax -ffunction-sections -fdata-sections -MMD -MP -MF"src/helloworld.d" -MT"src/helloworld.o" -o "src/helloworld.o" "../src/helloworld.c"
Finished building: ../src/helloworld.c
 
Building file: ../src/platform.c
Invoking: MicroBlaze gcc compiler
mb-gcc -Wall -O0 -g3 -c -fmessage-length=0 -MT"src/platform.o" -I../../project1_bsp/microblaze_0/include -mlittle-endian -mxl-barrel-shift -mcpu=v11.0 -mno-xl-soft-mul -Wl,--no-relax -ffunction-sections -fdata-sections -MMD -MP -MF"src/platform.d" -MT"src/platform.o" -o "src/platform.o" "../src/platform.c"
Finished building: ../src/platform.c
 
Building target: project1.elf
Invoking: MicroBlaze gcc linker
mb-gcc -Wl,-T -Wl,../src/lscript.ld -L../../project1_bsp/microblaze_0/lib -mlittle-endian -mxl-barrel-shift -mcpu=v11.0 -mno-xl-soft-mul -Wl,--no-relax -Wl,--gc-sections -o "project1.elf"  ./src/helloworld.o ./src/platform.o   -Wl,--start-group,-lxil,-lgcc,-lc,--end-group
Finished building target: project1.elf
 
Invoking: MicroBlaze Print Size
mb-size project1.elf  |tee "project1.elf.size"
   text	   data	    bss	    dec	    hex	filename
   3016	    336	   3104	   6456	   1938	project1.elf
Finished building: project1.elf.size
make: warning:  Clock skew detected.  Your build may be incomplete.
 
20:37:41 **** Auto Build of project project1_bsp ****
make -k all 
make: Warning: File `Makefile' has modification time 22 s in the future
Running Make include in microblaze_0/libsrc/tmrctr_v4_5/src
make -C microblaze_0/libsrc/tmrctr_v4_5/src -s include  "SHELL=/bin/sh" "COMPILER=mb-gcc" "ARCHIVER=mb-ar" "COMPILER_FLAGS=  -O2 -c -mcpu=v11.0 -mlittle-endian -mno-xl-soft-mul -mxl-barrel-shift" "EXTRA_COMPILER_FLAGS=-ffunction-sections -fdata-sections -Wall -Wextra"
make[1]: Warning: File `Makefile' has modification time 19 s in the future
make[1]: warning:  Clock skew detected.  Your build may be incomplete.
Running Make include in microblaze_0/libsrc/standalone_v6_8/src
make -C microblaze_0/libsrc/standalone_v6_8/src -s include  "SHELL=/bin/sh" "COMPILER=mb-gcc" "ARCHIVER=mb-ar" "COMPILER_FLAGS=  -O2 -c -mcpu=v11.0 -mlittle-endian -mno-xl-soft-mul -mxl-barrel-shift" "EXTRA_COMPILER_FLAGS=-ffunction-sections -fdata-sections -Wall -Wextra"
make[1]: Warning: File `config.make' has modification time 20 s in the future
make[2]: Warning: File `../config.make' has modification time 20 s in the future
make[2]: warning:  Clock skew detected.  Your build may be incomplete.
make[1]: warning:  Clock skew detected.  Your build may be incomplete.
Running Make include in microblaze_0/libsrc/uartlite_v3_2/src
make -C microblaze_0/libsrc/uartlite_v3_2/src -s include  "SHELL=/bin/sh" "COMPILER=mb-gcc" "ARCHIVER=mb-ar" "COMPILER_FLAGS=  -O2 -c -mcpu=v11.0 -mlittle-endian -mno-xl-soft-mul -mxl-barrel-shift" "EXTRA_COMPILER_FLAGS=-ffunction-sections -fdata-sections -Wall -Wextra"
make[1]: Warning: File `Makefile' has modification time 19 s in the future
make[1]: warning:  Clock skew detected.  Your build may be incomplete.
Running Make include in microblaze_0/libsrc/bram_v4_2/src
make -C microblaze_0/libsrc/bram_v4_2/src -s include  "SHELL=/bin/sh" "COMPILER=mb-gcc" "ARCHIVER=mb-ar" "COMPILER_FLAGS=  -O2 -c -mcpu=v11.0 -mlittle-endian -mno-xl-soft-mul -mxl-barrel-shift" "EXTRA_COMPILER_FLAGS=-ffunction-sections -fdata-sections -Wall -Wextra"
make[1]: Warning: File `Makefile' has modification time 18 s in the future
make[1]: warning:  Clock skew detected.  Your build may be incomplete.
Running Make include in microblaze_0/libsrc/cpu_v2_8/src
make -C microblaze_0/libsrc/cpu_v2_8/src -s include  "SHELL=/bin/sh" "COMPILER=mb-gcc" "ARCHIVER=mb-ar" "COMPILER_FLAGS=  -O2 -c -mcpu=v11.0 -mlittle-endian -mno-xl-soft-mul -mxl-barrel-shift" "EXTRA_COMPILER_FLAGS=-ffunction-sections -fdata-sections -Wall -Wextra"
make[1]: Warning: File `Makefile' has modification time 15 s in the future
make[1]: warning:  Clock skew detected.  Your build may be incomplete.
Running Make include in microblaze_0/libsrc/gpio_v4_3/src
make -C microblaze_0/libsrc/gpio_v4_3/src -s include  "SHELL=/bin/sh" "COMPILER=mb-gcc" "ARCHIVER=mb-ar" "COMPILER_FLAGS=  -O2 -c -mcpu=v11.0 -mlittle-endian -mno-xl-soft-mul -mxl-barrel-shift" "EXTRA_COMPILER_FLAGS=-ffunction-sections -fdata-sections -Wall -Wextra"
make[1]: Warning: File `Makefile' has modification time 18 s in the future
make[1]: warning:  Clock skew detected.  Your build may be incomplete.
Running Make include in microblaze_0/libsrc/intc_v3_8/src
make -C microblaze_0/libsrc/intc_v3_8/src -s include  "SHELL=/bin/sh" "COMPILER=mb-gcc" "ARCHIVER=mb-ar" "COMPILER_FLAGS=  -O2 -c -mcpu=v11.0 -mlittle-endian -mno-xl-soft-mul -mxl-barrel-shift" "EXTRA_COMPILER_FLAGS=-ffunction-sections -fdata-sections -Wall -Wextra"
make[1]: Warning: File `Makefile' has modification time 18 s in the future
make[1]: warning:  Clock skew detected.  Your build may be incomplete.
Running Make libs in microblaze_0/libsrc/tmrctr_v4_5/src
make -C microblaze_0/libsrc/tmrctr_v4_5/src -s libs  "SHELL=/bin/sh" "COMPILER=mb-gcc" "ARCHIVER=mb-ar" "COMPILER_FLAGS=  -O2 -c -mcpu=v11.0 -mlittle-endian -mno-xl-soft-mul -mxl-barrel-shift" "EXTRA_COMPILER_FLAGS=-ffunction-sections -fdata-sections -Wall -Wextra"
make[1]: Warning: File `Makefile' has modification time 18 s in the future
Compiling tmrctr
mb-ar: creating ../../../lib/libxil.a
make[2]: Warning: File `Makefile' has modification time 17 s in the future
make[2]: warning:  Clock skew detected.  Your build may be incomplete.
make[1]: warning:  Clock skew detected.  Your build may be incomplete.
Running Make libs in microblaze_0/libsrc/standalone_v6_8/src
make -C microblaze_0/libsrc/standalone_v6_8/src -s libs  "SHELL=/bin/sh" "COMPILER=mb-gcc" "ARCHIVER=mb-ar" "COMPILER_FLAGS=  -O2 -c -mcpu=v11.0 -mlittle-endian -mno-xl-soft-mul -mxl-barrel-shift" "EXTRA_COMPILER_FLAGS=-ffunction-sections -fdata-sections -Wall -Wextra"
make[1]: Warning: File `config.make' has modification time 19 s in the future
Compiling standalone
microblaze_sleep.c:77:9: note: #pragma message: For the sleep routines, assembly instructions are used
 #pragma message ("For the sleep routines, assembly instructions are used")
         ^~~~~~~
make[1]: warning:  Clock skew detected.  Your build may be incomplete.
Running Make libs in microblaze_0/libsrc/uartlite_v3_2/src
make -C microblaze_0/libsrc/uartlite_v3_2/src -s libs  "SHELL=/bin/sh" "COMPILER=mb-gcc" "ARCHIVER=mb-ar" "COMPILER_FLAGS=  -O2 -c -mcpu=v11.0 -mlittle-endian -mno-xl-soft-mul -mxl-barrel-shift" "EXTRA_COMPILER_FLAGS=-ffunction-sections -fdata-sections -Wall -Wextra"
make[1]: Warning: File `Makefile' has modification time 15 s in the future
Compiling uartlite
make[2]: Warning: File `Makefile' has modification time 15 s in the future
make[2]: warning:  Clock skew detected.  Your build may be incomplete.
make[1]: warning:  Clock skew detected.  Your build may be incomplete.
Running Make libs in microblaze_0/libsrc/bram_v4_2/src
make -C microblaze_0/libsrc/bram_v4_2/src -s libs  "SHELL=/bin/sh" "COMPILER=mb-gcc" "ARCHIVER=mb-ar" "COMPILER_FLAGS=  -O2 -c -mcpu=v11.0 -mlittle-endian -mno-xl-soft-mul -mxl-barrel-shift" "EXTRA_COMPILER_FLAGS=-ffunction-sections -fdata-sections -Wall -Wextra"
make[1]: Warning: File `Makefile' has modification time 14 s in the future
Compiling bram
make[2]: Warning: File `Makefile' has modification time 14 s in the future
make[2]: warning:  Clock skew detected.  Your build may be incomplete.
make[1]: warning:  Clock skew detected.  Your build may be incomplete.
Running Make libs in microblaze_0/libsrc/cpu_v2_8/src
make -C microblaze_0/libsrc/cpu_v2_8/src -s libs  "SHELL=/bin/sh" "COMPILER=mb-gcc" "ARCHIVER=mb-ar" "COMPILER_FLAGS=  -O2 -c -mcpu=v11.0 -mlittle-endian -mno-xl-soft-mul -mxl-barrel-shift" "EXTRA_COMPILER_FLAGS=-ffunction-sections -fdata-sections -Wall -Wextra"
make[1]: Warning: File `Makefile' has modification time 10 s in the future
Compiling cpu
make[2]: Warning: File `Makefile' has modification time 10 s in the future
make[2]: warning:  Clock skew detected.  Your build may be incomplete.
make[1]: warning:  Clock skew detected.  Your build may be incomplete.
Running Make libs in microblaze_0/libsrc/gpio_v4_3/src
make -C microblaze_0/libsrc/gpio_v4_3/src -s libs  "SHELL=/bin/sh" "COMPILER=mb-gcc" "ARCHIVER=mb-ar" "COMPILER_FLAGS=  -O2 -c -mcpu=v11.0 -mlittle-endian -mno-xl-soft-mul -mxl-barrel-shift" "EXTRA_COMPILER_FLAGS=-ffunction-sections -fdata-sections -Wall -Wextra"
make[1]: Warning: File `Makefile' has modification time 14 s in the future
Compiling gpio
make[2]: Warning: File `Makefile' has modification time 13 s in the future
make[2]: warning:  Clock skew detected.  Your build may be incomplete.
make[1]: warning:  Clock skew detected.  Your build may be incomplete.
Running Make libs in microblaze_0/libsrc/intc_v3_8/src
make -C microblaze_0/libsrc/intc_v3_8/src -s libs  "SHELL=/bin/sh" "COMPILER=mb-gcc" "ARCHIVER=mb-ar" "COMPILER_FLAGS=  -O2 -c -mcpu=v11.0 -mlittle-endian -mno-xl-soft-mul -mxl-barrel-shift" "EXTRA_COMPILER_FLAGS=-ffunction-sections -fdata-sections -Wall -Wextra"
make[1]: Warning: File `Makefile' has modification time 13 s in the future
Compiling intc
make[2]: Warning: File `Makefile' has modification time 13 s in the future
make[2]: warning:  Clock skew detected.  Your build may be incomplete.
Finished building libraries
make[1]: warning:  Clock skew detected.  Your build may be incomplete.
make: warning:  Clock skew detected.  Your build may be incomplete.
20:37:47 **** Auto Build of configuration Debug for project project1 ****
make all 
make: Warning: File `src/subdir.mk' has modification time 22 s in the future
Building file: ../src/helloworld.c
Invoking: MicroBlaze gcc compiler
mb-gcc -Wall -O0 -g3 -c -fmessage-length=0 -MT"src/helloworld.o" -I../../project1_bsp/microblaze_0/include -mlittle-endian -mxl-barrel-shift -mcpu=v11.0 -mno-xl-soft-mul -Wl,--no-relax -ffunction-sections -fdata-sections -MMD -MP -MF"src/helloworld.d" -MT"src/helloworld.o" -o "src/helloworld.o" "../src/helloworld.c"
Finished building: ../src/helloworld.c
 
Building file: ../src/platform.c
Invoking: MicroBlaze gcc compiler
mb-gcc -Wall -O0 -g3 -c -fmessage-length=0 -MT"src/platform.o" -I../../project1_bsp/microblaze_0/include -mlittle-endian -mxl-barrel-shift -mcpu=v11.0 -mno-xl-soft-mul -Wl,--no-relax -ffunction-sections -fdata-sections -MMD -MP -MF"src/platform.d" -MT"src/platform.o" -o "src/platform.o" "../src/platform.c"
Finished building: ../src/platform.c
 
Building target: project1.elf
Invoking: MicroBlaze gcc linker
mb-gcc -Wl,-T -Wl,../src/lscript.ld -L../../project1_bsp/microblaze_0/lib -mlittle-endian -mxl-barrel-shift -mcpu=v11.0 -mno-xl-soft-mul -Wl,--no-relax -Wl,--gc-sections -o "project1.elf"  ./src/helloworld.o ./src/platform.o   -Wl,--start-group,-lxil,-lgcc,-lc,--end-group
Finished building target: project1.elf
 
Invoking: MicroBlaze Print Size
mb-size project1.elf  |tee "project1.elf.size"
   text	   data	    bss	    dec	    hex	filename
   3016	    336	   3104	   6456	   1938	project1.elf
Finished building: project1.elf.size
 
make: warning:  Clock skew detected.  Your build may be incomplete.
20:39:50 **** Clean-only build of configuration Debug for project project1 ****
make clean 
rm -rf  ./src/helloworld.o ./src/platform.o  ./src/helloworld.d ./src/platform.d  project1.elf.size  project1.elf
 
20:39:51 **** Auto Build of configuration Debug for project project1 ****
make all 
make: Warning: File `objects.mk' has modification time 22 s in the future
Building file: ../src/helloworld.c
Invoking: MicroBlaze gcc compiler
mb-gcc -Wall -O0 -g3 -c -fmessage-length=0 -MT"src/helloworld.o" -I../../project1_bsp/microblaze_0/include -mlittle-endian -mxl-barrel-shift -mcpu=v11.0 -mno-xl-soft-mul -Wl,--no-relax -ffunction-sections -fdata-sections -MMD -MP -MF"src/helloworld.d" -MT"src/helloworld.o" -o "src/helloworld.o" "../src/helloworld.c"
Finished building: ../src/helloworld.c
 
Building file: ../src/platform.c
Invoking: MicroBlaze gcc compiler
mb-gcc -Wall -O0 -g3 -c -fmessage-length=0 -MT"src/platform.o" -I../../project1_bsp/microblaze_0/include -mlittle-endian -mxl-barrel-shift -mcpu=v11.0 -mno-xl-soft-mul -Wl,--no-relax -ffunction-sections -fdata-sections -MMD -MP -MF"src/platform.d" -MT"src/platform.o" -o "src/platform.o" "../src/platform.c"
Finished building: ../src/platform.c
 
Building target: project1.elf
Invoking: MicroBlaze gcc linker
mb-gcc -Wl,-T -Wl,../src/lscript.ld -L../../project1_bsp/microblaze_0/lib -mlittle-endian -mxl-barrel-shift -mcpu=v11.0 -mno-xl-soft-mul -Wl,--no-relax -Wl,--gc-sections -o "project1.elf"  ./src/helloworld.o ./src/platform.o   -Wl,--start-group,-lxil,-lgcc,-lc,--end-group
Finished building target: project1.elf
 
Invoking: MicroBlaze Print Size
mb-size project1.elf  |tee "project1.elf.size"
   text	   data	    bss	    dec	    hex	filename
   3016	    336	   2080	   5432	   1538	project1.elf
Finished building: project1.elf.size
 
make: warning:  Clock skew detected.  Your build may be incomplete.
20:52:24 **** Incremental Build of configuration Debug for project project1 ****
make all 
make: Warning: File `src/subdir.mk' has modification time 22 s in the future
make: warning:  Clock skew detected.  Your build may be incomplete.
make: Nothing to be done for `all'.
20:53:19 **** Incremental Build of configuration Debug for project project1 ****
make all 
make: Warning: File `src/subdir.mk' has modification time 22 s in the future
make: Nothing to be done for `all'.
make: warning:  Clock skew detected.  Your build may be incomplete.
20:56:44 **** Incremental Build of configuration Debug for project project1 ****
make all 
make: Warning: File `src/subdir.mk' has modification time 22 s in the future
make: warning:  Clock skew detected.  Your build may be incomplete.
make: Nothing to be done for `all'.
20:57:53 **** Auto Build of project project1_bsp ****
make -k all 
make: Warning: File `Makefile' has modification time 22 s in the future
Running Make include in microblaze_0/libsrc/tmrctr_v4_5/src
make -C microblaze_0/libsrc/tmrctr_v4_5/src -s include  "SHELL=/bin/sh" "COMPILER=mb-gcc" "ARCHIVER=mb-ar" "COMPILER_FLAGS=  -O2 -c -mcpu=v11.0 -mlittle-endian -mno-xl-soft-mul -mxl-barrel-shift" "EXTRA_COMPILER_FLAGS=-ffunction-sections -fdata-sections -Wall -Wextra"
make[1]: Warning: File `Makefile' has modification time 19 s in the future
make[1]: warning:  Clock skew detected.  Your build may be incomplete.
Running Make include in microblaze_0/libsrc/standalone_v6_8/src
make -C microblaze_0/libsrc/standalone_v6_8/src -s include  "SHELL=/bin/sh" "COMPILER=mb-gcc" "ARCHIVER=mb-ar" "COMPILER_FLAGS=  -O2 -c -mcpu=v11.0 -mlittle-endian -mno-xl-soft-mul -mxl-barrel-shift" "EXTRA_COMPILER_FLAGS=-ffunction-sections -fdata-sections -Wall -Wextra"
make[1]: Warning: File `config.make' has modification time 20 s in the future
make[2]: Warning: File `../config.make' has modification time 20 s in the future
make[2]: warning:  Clock skew detected.  Your build may be incomplete.
Running Make include in microblaze_0/libsrc/uartlite_v3_2/src
make[1]: warning:  Clock skew detected.  Your build may be incomplete.
make -C microblaze_0/libsrc/uartlite_v3_2/src -s include  "SHELL=/bin/sh" "COMPILER=mb-gcc" "ARCHIVER=mb-ar" "COMPILER_FLAGS=  -O2 -c -mcpu=v11.0 -mlittle-endian -mno-xl-soft-mul -mxl-barrel-shift" "EXTRA_COMPILER_FLAGS=-ffunction-sections -fdata-sections -Wall -Wextra"
make[1]: Warning: File `Makefile' has modification time 19 s in the future
make[1]: warning:  Clock skew detected.  Your build may be incomplete.
Running Make include in microblaze_0/libsrc/bram_v4_2/src
make -C microblaze_0/libsrc/bram_v4_2/src -s include  "SHELL=/bin/sh" "COMPILER=mb-gcc" "ARCHIVER=mb-ar" "COMPILER_FLAGS=  -O2 -c -mcpu=v11.0 -mlittle-endian -mno-xl-soft-mul -mxl-barrel-shift" "EXTRA_COMPILER_FLAGS=-ffunction-sections -fdata-sections -Wall -Wextra"
make[1]: Warning: File `Makefile' has modification time 18 s in the future
make[1]: warning:  Clock skew detected.  Your build may be incomplete.
Running Make include in microblaze_0/libsrc/cpu_v2_8/src
make -C microblaze_0/libsrc/cpu_v2_8/src -s include  "SHELL=/bin/sh" "COMPILER=mb-gcc" "ARCHIVER=mb-ar" "COMPILER_FLAGS=  -O2 -c -mcpu=v11.0 -mlittle-endian -mno-xl-soft-mul -mxl-barrel-shift" "EXTRA_COMPILER_FLAGS=-ffunction-sections -fdata-sections -Wall -Wextra"
make[1]: Warning: File `Makefile' has modification time 15 s in the future
make[1]: warning:  Clock skew detected.  Your build may be incomplete.
Running Make include in microblaze_0/libsrc/gpio_v4_3/src
make -C microblaze_0/libsrc/gpio_v4_3/src -s include  "SHELL=/bin/sh" "COMPILER=mb-gcc" "ARCHIVER=mb-ar" "COMPILER_FLAGS=  -O2 -c -mcpu=v11.0 -mlittle-endian -mno-xl-soft-mul -mxl-barrel-shift" "EXTRA_COMPILER_FLAGS=-ffunction-sections -fdata-sections -Wall -Wextra"
make[1]: Warning: File `Makefile' has modification time 18 s in the future
make[1]: warning:  Clock skew detected.  Your build may be incomplete.
Running Make include in microblaze_0/libsrc/intc_v3_8/src
make -C microblaze_0/libsrc/intc_v3_8/src -s include  "SHELL=/bin/sh" "COMPILER=mb-gcc" "ARCHIVER=mb-ar" "COMPILER_FLAGS=  -O2 -c -mcpu=v11.0 -mlittle-endian -mno-xl-soft-mul -mxl-barrel-shift" "EXTRA_COMPILER_FLAGS=-ffunction-sections -fdata-sections -Wall -Wextra"
make[1]: Warning: File `Makefile' has modification time 18 s in the future
make[1]: warning:  Clock skew detected.  Your build may be incomplete.
Running Make libs in microblaze_0/libsrc/tmrctr_v4_5/src
make -C microblaze_0/libsrc/tmrctr_v4_5/src -s libs  "SHELL=/bin/sh" "COMPILER=mb-gcc" "ARCHIVER=mb-ar" "COMPILER_FLAGS=  -O2 -c -mcpu=v11.0 -mlittle-endian -mno-xl-soft-mul -mxl-barrel-shift" "EXTRA_COMPILER_FLAGS=-ffunction-sections -fdata-sections -Wall -Wextra"
make[1]: Warning: File `Makefile' has modification time 18 s in the future
Compiling tmrctr
mb-ar: creating ../../../lib/libxil.a
make[2]: Warning: File `Makefile' has modification time 18 s in the future
make[2]: warning:  Clock skew detected.  Your build may be incomplete.
make[1]: warning:  Clock skew detected.  Your build may be incomplete.
Running Make libs in microblaze_0/libsrc/standalone_v6_8/src
make -C microblaze_0/libsrc/standalone_v6_8/src -s libs  "SHELL=/bin/sh" "COMPILER=mb-gcc" "ARCHIVER=mb-ar" "COMPILER_FLAGS=  -O2 -c -mcpu=v11.0 -mlittle-endian -mno-xl-soft-mul -mxl-barrel-shift" "EXTRA_COMPILER_FLAGS=-ffunction-sections -fdata-sections -Wall -Wextra"
Compiling standalone
make[1]: Warning: File `config.make' has modification time 19 s in the future
microblaze_sleep.c:77:9: note: #pragma message: For the sleep routines, assembly instructions are used
 #pragma message ("For the sleep routines, assembly instructions are used")
         ^~~~~~~
make[1]: warning:  Clock skew detected.  Your build may be incomplete.
Running Make libs in microblaze_0/libsrc/uartlite_v3_2/src
make -C microblaze_0/libsrc/uartlite_v3_2/src -s libs  "SHELL=/bin/sh" "COMPILER=mb-gcc" "ARCHIVER=mb-ar" "COMPILER_FLAGS=  -O2 -c -mcpu=v11.0 -mlittle-endian -mno-xl-soft-mul -mxl-barrel-shift" "EXTRA_COMPILER_FLAGS=-ffunction-sections -fdata-sections -Wall -Wextra"
make[1]: Warning: File `Makefile' has modification time 16 s in the future
Compiling uartlite
make[2]: Warning: File `Makefile' has modification time 15 s in the future
make[2]: warning:  Clock skew detected.  Your build may be incomplete.
make[1]: warning:  Clock skew detected.  Your build may be incomplete.
Running Make libs in microblaze_0/libsrc/bram_v4_2/src
make -C microblaze_0/libsrc/bram_v4_2/src -s libs  "SHELL=/bin/sh" "COMPILER=mb-gcc" "ARCHIVER=mb-ar" "COMPILER_FLAGS=  -O2 -c -mcpu=v11.0 -mlittle-endian -mno-xl-soft-mul -mxl-barrel-shift" "EXTRA_COMPILER_FLAGS=-ffunction-sections -fdata-sections -Wall -Wextra"
make[1]: Warning: File `Makefile' has modification time 15 s in the future
Compiling bram
make[2]: Warning: File `Makefile' has modification time 14 s in the future
make[2]: warning:  Clock skew detected.  Your build may be incomplete.
make[1]: warning:  Clock skew detected.  Your build may be incomplete.
Running Make libs in microblaze_0/libsrc/cpu_v2_8/src
make[1]: Warning: File `Makefile' has modification time 12 s in the future
make -C microblaze_0/libsrc/cpu_v2_8/src -s libs  "SHELL=/bin/sh" "COMPILER=mb-gcc" "ARCHIVER=mb-ar" "COMPILER_FLAGS=  -O2 -c -mcpu=v11.0 -mlittle-endian -mno-xl-soft-mul -mxl-barrel-shift" "EXTRA_COMPILER_FLAGS=-ffunction-sections -fdata-sections -Wall -Wextra"
Compiling cpu
make[2]: Warning: File `Makefile' has modification time 11 s in the future
make[2]: warning:  Clock skew detected.  Your build may be incomplete.
make[1]: warning:  Clock skew detected.  Your build may be incomplete.
Running Make libs in microblaze_0/libsrc/gpio_v4_3/src
make -C microblaze_0/libsrc/gpio_v4_3/src -s libs  "SHELL=/bin/sh" "COMPILER=mb-gcc" "ARCHIVER=mb-ar" "COMPILER_FLAGS=  -O2 -c -mcpu=v11.0 -mlittle-endian -mno-xl-soft-mul -mxl-barrel-shift" "EXTRA_COMPILER_FLAGS=-ffunction-sections -fdata-sections -Wall -Wextra"
make[1]: Warning: File `Makefile' has modification time 15 s in the future
Compiling gpio
make[2]: Warning: File `Makefile' has modification time 14 s in the future
make[2]: warning:  Clock skew detected.  Your build may be incomplete.
Running Make libs in microblaze_0/libsrc/intc_v3_8/src
make[1]: warning:  Clock skew detected.  Your build may be incomplete.
make -C microblaze_0/libsrc/intc_v3_8/src -s libs  "SHELL=/bin/sh" "COMPILER=mb-gcc" "ARCHIVER=mb-ar" "COMPILER_FLAGS=  -O2 -c -mcpu=v11.0 -mlittle-endian -mno-xl-soft-mul -mxl-barrel-shift" "EXTRA_COMPILER_FLAGS=-ffunction-sections -fdata-sections -Wall -Wextra"
make[1]: Warning: File `Makefile' has modification time 14 s in the future
Compiling intc
make[2]: Warning: File `Makefile' has modification time 13 s in the future
make[2]: warning:  Clock skew detected.  Your build may be incomplete.
Finished building libraries
make[1]: warning:  Clock skew detected.  Your build may be incomplete.
make: warning:  Clock skew detected.  Your build may be incomplete.
20:57:59 **** Auto Build of configuration Debug for project project1 ****
make all 
make: Warning: File `src/subdir.mk' has modification time 22 s in the future
Building file: ../src/helloworld.c
Invoking: MicroBlaze gcc compiler
mb-gcc -Wall -O0 -g3 -c -fmessage-length=0 -MT"src/helloworld.o" -I../../project1_bsp/microblaze_0/include -mlittle-endian -mxl-barrel-shift -mcpu=v11.0 -mno-xl-soft-mul -Wl,--no-relax -ffunction-sections -fdata-sections -MMD -MP -MF"src/helloworld.d" -MT"src/helloworld.o" -o "src/helloworld.o" "../src/helloworld.c"
Finished building: ../src/helloworld.c
 
Building file: ../src/platform.c
Invoking: MicroBlaze gcc compiler
mb-gcc -Wall -O0 -g3 -c -fmessage-length=0 -MT"src/platform.o" -I../../project1_bsp/microblaze_0/include -mlittle-endian -mxl-barrel-shift -mcpu=v11.0 -mno-xl-soft-mul -Wl,--no-relax -ffunction-sections -fdata-sections -MMD -MP -MF"src/platform.d" -MT"src/platform.o" -o "src/platform.o" "../src/platform.c"
Finished building: ../src/platform.c
 
Building target: project1.elf
Invoking: MicroBlaze gcc linker
mb-gcc -Wl,-T -Wl,../src/lscript.ld -L../../project1_bsp/microblaze_0/lib -mlittle-endian -mxl-barrel-shift -mcpu=v11.0 -mno-xl-soft-mul -Wl,--no-relax -Wl,--gc-sections -o "project1.elf"  ./src/helloworld.o ./src/platform.o   -Wl,--start-group,-lxil,-lgcc,-lc,--end-group
Finished building target: project1.elf
 
Invoking: MicroBlaze Print Size
mb-size project1.elf  |tee "project1.elf.size"
   text	   data	    bss	    dec	    hex	filename
   3016	    336	   2080	   5432	   1538	project1.elf
Finished building: project1.elf.size
 
make: warning:  Clock skew detected.  Your build may be incomplete.
20:58:51 **** Incremental Build of configuration Debug for project project1 ****
make all 
make: Warning: File `src/subdir.mk' has modification time 22 s in the future
make: Nothing to be done for `all'.
make: warning:  Clock skew detected.  Your build may be incomplete.
15:14:27 **** Build of configuration Debug for project project1_new ****
make all 
make: Warning: File `objects.mk' has modification time 41 s in the future
Building file: ../src/helloworld.c
Invoking: MicroBlaze gcc compiler
mb-gcc -Wall -O0 -g3 -c -fmessage-length=0 -MT"src/helloworld.o" -I../../project1_bsp/microblaze_0/include -mlittle-endian -mxl-barrel-shift -mcpu=v11.0 -mno-xl-soft-mul -Wl,--no-relax -ffunction-sections -fdata-sections -MMD -MP -MF"src/helloworld.d" -MT"src/helloworld.o" -o "src/helloworld.o" "../src/helloworld.c"
Finished building: ../src/helloworld.c
 
Building file: ../src/platform.c
Invoking: MicroBlaze gcc compiler
mb-gcc -Wall -O0 -g3 -c -fmessage-length=0 -MT"src/platform.o" -I../../project1_bsp/microblaze_0/include -mlittle-endian -mxl-barrel-shift -mcpu=v11.0 -mno-xl-soft-mul -Wl,--no-relax -ffunction-sections -fdata-sections -MMD -MP -MF"src/platform.d" -MT"src/platform.o" -o "src/platform.o" "../src/platform.c"
Finished building: ../src/platform.c
 
Building target: project1_new.elf
Invoking: MicroBlaze gcc linker
mb-gcc -Wl,-T -Wl,../src/lscript.ld -L../../project1_bsp/microblaze_0/lib -mlittle-endian -mxl-barrel-shift -mcpu=v11.0 -mno-xl-soft-mul -Wl,--no-relax -Wl,--gc-sections -o "project1_new.elf"  ./src/helloworld.o ./src/platform.o   -Wl,--start-group,-lxil,-lgcc,-lc,--end-group
Finished building target: project1_new.elf
 
Invoking: MicroBlaze Print Size
mb-size project1_new.elf  |tee "project1_new.elf.size"
   text	   data	    bss	    dec	    hex	filename
   3016	    336	   3104	   6456	   1938	project1_new.elf
Finished building: project1_new.elf.size
 
make: warning:  Clock skew detected.  Your build may be incomplete.
15:16:07 **** Auto Build of project project1_bsp ****
make -k all 
make: Warning: File `Makefile' has modification time 40 s in the future
Running Make include in microblaze_0/libsrc/tmrctr_v4_5/src
make -C microblaze_0/libsrc/tmrctr_v4_5/src -s include  "SHELL=/bin/sh" "COMPILER=mb-gcc" "ARCHIVER=mb-ar" "COMPILER_FLAGS=  -O2 -c -mcpu=v11.0 -mlittle-endian -mno-xl-soft-mul -mxl-barrel-shift" "EXTRA_COMPILER_FLAGS=-ffunction-sections -fdata-sections -Wall -Wextra"
make[1]: Warning: File `Makefile' has modification time 35 s in the future
make[1]: warning:  Clock skew detected.  Your build may be incomplete.
Running Make include in microblaze_0/libsrc/standalone_v6_8/src
make -C microblaze_0/libsrc/standalone_v6_8/src -s include  "SHELL=/bin/sh" "COMPILER=mb-gcc" "ARCHIVER=mb-ar" "COMPILER_FLAGS=  -O2 -c -mcpu=v11.0 -mlittle-endian -mno-xl-soft-mul -mxl-barrel-shift" "EXTRA_COMPILER_FLAGS=-ffunction-sections -fdata-sections -Wall -Wextra"
make[1]: Warning: File `config.make' has modification time 38 s in the future
make[2]: Warning: File `../config.make' has modification time 37 s in the future
make[2]: warning:  Clock skew detected.  Your build may be incomplete.
Running Make include in microblaze_0/libsrc/uartlite_v3_2/src
make[1]: warning:  Clock skew detected.  Your build may be incomplete.
make -C microblaze_0/libsrc/uartlite_v3_2/src -s include  "SHELL=/bin/sh" "COMPILER=mb-gcc" "ARCHIVER=mb-ar" "COMPILER_FLAGS=  -O2 -c -mcpu=v11.0 -mlittle-endian -mno-xl-soft-mul -mxl-barrel-shift" "EXTRA_COMPILER_FLAGS=-ffunction-sections -fdata-sections -Wall -Wextra"
make[1]: Warning: File `Makefile' has modification time 34 s in the future
make[1]: warning:  Clock skew detected.  Your build may be incomplete.
Running Make include in microblaze_0/libsrc/bram_v4_2/src
make -C microblaze_0/libsrc/bram_v4_2/src -s include  "SHELL=/bin/sh" "COMPILER=mb-gcc" "ARCHIVER=mb-ar" "COMPILER_FLAGS=  -O2 -c -mcpu=v11.0 -mlittle-endian -mno-xl-soft-mul -mxl-barrel-shift" "EXTRA_COMPILER_FLAGS=-ffunction-sections -fdata-sections -Wall -Wextra"
make[1]: Warning: File `Makefile' has modification time 33 s in the future
make[1]: warning:  Clock skew detected.  Your build may be incomplete.
Running Make include in microblaze_0/libsrc/cpu_v2_8/src
make -C microblaze_0/libsrc/cpu_v2_8/src -s include  "SHELL=/bin/sh" "COMPILER=mb-gcc" "ARCHIVER=mb-ar" "COMPILER_FLAGS=  -O2 -c -mcpu=v11.0 -mlittle-endian -mno-xl-soft-mul -mxl-barrel-shift" "EXTRA_COMPILER_FLAGS=-ffunction-sections -fdata-sections -Wall -Wextra"
make[1]: Warning: File `Makefile' has modification time 24 s in the future
make[1]: warning:  Clock skew detected.  Your build may be incomplete.
Running Make include in microblaze_0/libsrc/gpio_v4_3/src
make -C microblaze_0/libsrc/gpio_v4_3/src -s include  "SHELL=/bin/sh" "COMPILER=mb-gcc" "ARCHIVER=mb-ar" "COMPILER_FLAGS=  -O2 -c -mcpu=v11.0 -mlittle-endian -mno-xl-soft-mul -mxl-barrel-shift" "EXTRA_COMPILER_FLAGS=-ffunction-sections -fdata-sections -Wall -Wextra"
make[1]: Warning: File `Makefile' has modification time 33 s in the future
make[1]: warning:  Clock skew detected.  Your build may be incomplete.
Running Make include in microblaze_0/libsrc/intc_v3_8/src
make -C microblaze_0/libsrc/intc_v3_8/src -s include  "SHELL=/bin/sh" "COMPILER=mb-gcc" "ARCHIVER=mb-ar" "COMPILER_FLAGS=  -O2 -c -mcpu=v11.0 -mlittle-endian -mno-xl-soft-mul -mxl-barrel-shift" "EXTRA_COMPILER_FLAGS=-ffunction-sections -fdata-sections -Wall -Wextra"
make[1]: Warning: File `Makefile' has modification time 33 s in the future
make[1]: warning:  Clock skew detected.  Your build may be incomplete.
Running Make libs in microblaze_0/libsrc/tmrctr_v4_5/src
make -C microblaze_0/libsrc/tmrctr_v4_5/src -s libs  "SHELL=/bin/sh" "COMPILER=mb-gcc" "ARCHIVER=mb-ar" "COMPILER_FLAGS=  -O2 -c -mcpu=v11.0 -mlittle-endian -mno-xl-soft-mul -mxl-barrel-shift" "EXTRA_COMPILER_FLAGS=-ffunction-sections -fdata-sections -Wall -Wextra"
Compiling tmrctr
make[1]: Warning: File `Makefile' has modification time 33 s in the future
mb-ar: creating ../../../lib/libxil.a
make[2]: Warning: File `Makefile' has modification time 32 s in the future
make[2]: warning:  Clock skew detected.  Your build may be incomplete.
make[1]: warning:  Clock skew detected.  Your build may be incomplete.
Running Make libs in microblaze_0/libsrc/standalone_v6_8/src
make -C microblaze_0/libsrc/standalone_v6_8/src -s libs  "SHELL=/bin/sh" "COMPILER=mb-gcc" "ARCHIVER=mb-ar" "COMPILER_FLAGS=  -O2 -c -mcpu=v11.0 -mlittle-endian -mno-xl-soft-mul -mxl-barrel-shift" "EXTRA_COMPILER_FLAGS=-ffunction-sections -fdata-sections -Wall -Wextra"
make[1]: Warning: File `config.make' has modification time 36 s in the future
Compiling standalone
microblaze_sleep.c:77:9: note: #pragma message: For the sleep routines, assembly instructions are used
 #pragma message ("For the sleep routines, assembly instructions are used")
         ^~~~~~~
make[1]: warning:  Clock skew detected.  Your build may be incomplete.
Running Make libs in microblaze_0/libsrc/uartlite_v3_2/src
make -C microblaze_0/libsrc/uartlite_v3_2/src -s libs  "SHELL=/bin/sh" "COMPILER=mb-gcc" "ARCHIVER=mb-ar" "COMPILER_FLAGS=  -O2 -c -mcpu=v11.0 -mlittle-endian -mno-xl-soft-mul -mxl-barrel-shift" "EXTRA_COMPILER_FLAGS=-ffunction-sections -fdata-sections -Wall -Wextra"
make[1]: Warning: File `Makefile' has modification time 29 s in the future
Compiling uartlite
make[2]: Warning: File `Makefile' has modification time 28 s in the future
make[2]: warning:  Clock skew detected.  Your build may be incomplete.
Running Make libs in microblaze_0/libsrc/bram_v4_2/src
make[1]: warning:  Clock skew detected.  Your build may be incomplete.
make[1]: Warning: File `Makefile' has modification time 27 s in the future
make -C microblaze_0/libsrc/bram_v4_2/src -s libs  "SHELL=/bin/sh" "COMPILER=mb-gcc" "ARCHIVER=mb-ar" "COMPILER_FLAGS=  -O2 -c -mcpu=v11.0 -mlittle-endian -mno-xl-soft-mul -mxl-barrel-shift" "EXTRA_COMPILER_FLAGS=-ffunction-sections -fdata-sections -Wall -Wextra"
Compiling bram
make[2]: Warning: File `Makefile' has modification time 27 s in the future
make[2]: warning:  Clock skew detected.  Your build may be incomplete.
make[1]: warning:  Clock skew detected.  Your build may be incomplete.
Running Make libs in microblaze_0/libsrc/cpu_v2_8/src
make -C microblaze_0/libsrc/cpu_v2_8/src -s libs  "SHELL=/bin/sh" "COMPILER=mb-gcc" "ARCHIVER=mb-ar" "COMPILER_FLAGS=  -O2 -c -mcpu=v11.0 -mlittle-endian -mno-xl-soft-mul -mxl-barrel-shift" "EXTRA_COMPILER_FLAGS=-ffunction-sections -fdata-sections -Wall -Wextra"
make[1]: Warning: File `Makefile' has modification time 18 s in the future
Compiling cpu
make[2]: Warning: File `Makefile' has modification time 18 s in the future
make[2]: warning:  Clock skew detected.  Your build may be incomplete.
Running Make libs in microblaze_0/libsrc/gpio_v4_3/src
make -C microblaze_0/libsrc/gpio_v4_3/src -s libs  "SHELL=/bin/sh" "COMPILER=mb-gcc" "ARCHIVER=mb-ar" "COMPILER_FLAGS=  -O2 -c -mcpu=v11.0 -mlittle-endian -mno-xl-soft-mul -mxl-barrel-shift" "EXTRA_COMPILER_FLAGS=-ffunction-sections -fdata-sections -Wall -Wextra"
make[1]: warning:  Clock skew detected.  Your build may be incomplete.
make[1]: Warning: File `Makefile' has modification time 27 s in the future
Compiling gpio
make[2]: Warning: File `Makefile' has modification time 26 s in the future
make[2]: warning:  Clock skew detected.  Your build may be incomplete.
Running Make libs in microblaze_0/libsrc/intc_v3_8/src
make[1]: warning:  Clock skew detected.  Your build may be incomplete.
make[1]: Warning: File `Makefile' has modification time 26 s in the future
make -C microblaze_0/libsrc/intc_v3_8/src -s libs  "SHELL=/bin/sh" "COMPILER=mb-gcc" "ARCHIVER=mb-ar" "COMPILER_FLAGS=  -O2 -c -mcpu=v11.0 -mlittle-endian -mno-xl-soft-mul -mxl-barrel-shift" "EXTRA_COMPILER_FLAGS=-ffunction-sections -fdata-sections -Wall -Wextra"
Compiling intc
make[2]: Warning: File `Makefile' has modification time 25 s in the future
make[2]: warning:  Clock skew detected.  Your build may be incomplete.
Finished building libraries
make[1]: warning:  Clock skew detected.  Your build may be incomplete.
make: warning:  Clock skew detected.  Your build may be incomplete.
15:16:17 **** Auto Build of configuration Debug for project project1 ****
make all 
make: Warning: File `src/subdir.mk' has modification time 41 s in the future
Building file: ../src/helloworld.c
Invoking: MicroBlaze gcc compiler
mb-gcc -Wall -O0 -g3 -c -fmessage-length=0 -MT"src/helloworld.o" -I../../project1_bsp/microblaze_0/include -mlittle-endian -mxl-barrel-shift -mcpu=v11.0 -mno-xl-soft-mul -Wl,--no-relax -ffunction-sections -fdata-sections -MMD -MP -MF"src/helloworld.d" -MT"src/helloworld.o" -o "src/helloworld.o" "../src/helloworld.c"
Finished building: ../src/helloworld.c
 
Building file: ../src/platform.c
Invoking: MicroBlaze gcc compiler
mb-gcc -Wall -O0 -g3 -c -fmessage-length=0 -MT"src/platform.o" -I../../project1_bsp/microblaze_0/include -mlittle-endian -mxl-barrel-shift -mcpu=v11.0 -mno-xl-soft-mul -Wl,--no-relax -ffunction-sections -fdata-sections -MMD -MP -MF"src/platform.d" -MT"src/platform.o" -o "src/platform.o" "../src/platform.c"
Finished building: ../src/platform.c
 
Building target: project1.elf
Invoking: MicroBlaze gcc linker
mb-gcc -Wl,-T -Wl,../src/lscript.ld -L../../project1_bsp/microblaze_0/lib -mlittle-endian -mxl-barrel-shift -mcpu=v11.0 -mno-xl-soft-mul -Wl,--no-relax -Wl,--gc-sections -o "project1.elf"  ./src/helloworld.o ./src/platform.o   -Wl,--start-group,-lxil,-lgcc,-lc,--end-group
Finished building target: project1.elf
 
Invoking: MicroBlaze Print Size
mb-size project1.elf  |tee "project1.elf.size"
   text	   data	    bss	    dec	    hex	filename
   3016	    336	   2080	   5432	   1538	project1.elf
Finished building: project1.elf.size
 
make: warning:  Clock skew detected.  Your build may be incomplete.
15:16:18 **** Auto Build of configuration Debug for project project1_new ****
make all 
make: Warning: File `src/subdir.mk' has modification time 41 s in the future
Building file: ../src/helloworld.c
Invoking: MicroBlaze gcc compiler
mb-gcc -Wall -O0 -g3 -c -fmessage-length=0 -MT"src/helloworld.o" -I../../project1_bsp/microblaze_0/include -mlittle-endian -mxl-barrel-shift -mcpu=v11.0 -mno-xl-soft-mul -Wl,--no-relax -ffunction-sections -fdata-sections -MMD -MP -MF"src/helloworld.d" -MT"src/helloworld.o" -o "src/helloworld.o" "../src/helloworld.c"
Finished building: ../src/helloworld.c
 
Building file: ../src/platform.c
Invoking: MicroBlaze gcc compiler
mb-gcc -Wall -O0 -g3 -c -fmessage-length=0 -MT"src/platform.o" -I../../project1_bsp/microblaze_0/include -mlittle-endian -mxl-barrel-shift -mcpu=v11.0 -mno-xl-soft-mul -Wl,--no-relax -ffunction-sections -fdata-sections -MMD -MP -MF"src/platform.d" -MT"src/platform.o" -o "src/platform.o" "../src/platform.c"
Finished building: ../src/platform.c
 
Building target: project1_new.elf
Invoking: MicroBlaze gcc linker
mb-gcc -Wl,-T -Wl,../src/lscript.ld -L../../project1_bsp/microblaze_0/lib -mlittle-endian -mxl-barrel-shift -mcpu=v11.0 -mno-xl-soft-mul -Wl,--no-relax -Wl,--gc-sections -o "project1_new.elf"  ./src/helloworld.o ./src/platform.o   -Wl,--start-group,-lxil,-lgcc,-lc,--end-group
Finished building target: project1_new.elf
 
Invoking: MicroBlaze Print Size
mb-size project1_new.elf  |tee "project1_new.elf.size"
   text	   data	    bss	    dec	    hex	filename
   3016	    336	   3104	   6456	   1938	project1_new.elf
Finished building: project1_new.elf.size
 
make: warning:  Clock skew detected.  Your build may be incomplete.
15:20:05 **** Clean-only build of configuration Debug for project project1_new ****
make clean 
rm -rf  ./src/helloworld.o ./src/platform.o  ./src/helloworld.d ./src/platform.d  project1_new.elf.size  project1_new.elf
 
15:20:05 **** Auto Build of configuration Debug for project project1_new ****
make all 
make: Warning: File `objects.mk' has modification time 41 s in the future
Building file: ../src/helloworld.c
Invoking: MicroBlaze gcc compiler
mb-gcc -Wall -O0 -g3 -c -fmessage-length=0 -MT"src/helloworld.o" -I../../project1_bsp/microblaze_0/include -mlittle-endian -mxl-barrel-shift -mcpu=v11.0 -mno-xl-soft-mul -Wl,--no-relax -ffunction-sections -fdata-sections -MMD -MP -MF"src/helloworld.d" -MT"src/helloworld.o" -o "src/helloworld.o" "../src/helloworld.c"
Finished building: ../src/helloworld.c
 
Building file: ../src/platform.c
Invoking: MicroBlaze gcc compiler
mb-gcc -Wall -O0 -g3 -c -fmessage-length=0 -MT"src/platform.o" -I../../project1_bsp/microblaze_0/include -mlittle-endian -mxl-barrel-shift -mcpu=v11.0 -mno-xl-soft-mul -Wl,--no-relax -ffunction-sections -fdata-sections -MMD -MP -MF"src/platform.d" -MT"src/platform.o" -o "src/platform.o" "../src/platform.c"
Finished building: ../src/platform.c
 
Building target: project1_new.elf
Invoking: MicroBlaze gcc linker
mb-gcc -Wl,-T -Wl,../src/lscript.ld -L../../project1_bsp/microblaze_0/lib -mlittle-endian -mxl-barrel-shift -mcpu=v11.0 -mno-xl-soft-mul -Wl,--no-relax -Wl,--gc-sections -o "project1_new.elf"  ./src/helloworld.o ./src/platform.o   -Wl,--start-group,-lxil,-lgcc,-lc,--end-group
Finished building target: project1_new.elf
 
Invoking: MicroBlaze Print Size
mb-size project1_new.elf  |tee "project1_new.elf.size"
   text	   data	    bss	    dec	    hex	filename
   3016	    336	   2080	   5432	   1538	project1_new.elf
Finished building: project1_new.elf.size
 
make: warning:  Clock skew detected.  Your build may be incomplete.
15:22:13 **** Incremental Build of configuration Debug for project project1_new ****
make all 
make: Warning: File `src/subdir.mk' has modification time 41 s in the future
make: warning:  Clock skew detected.  Your build may be incomplete.
make: Nothing to be done for `all'.
15:24:42 **** Incremental Build of configuration Debug for project project1_new ****
make all 
make: Warning: File `src/subdir.mk' has modification time 41 s in the future
make: Nothing to be done for `all'.
make: warning:  Clock skew detected.  Your build may be incomplete.
15:37:21 **** Incremental Build of configuration Debug for project project1_new ****
make all 
make: Warning: File `src/subdir.mk' has modification time 41 s in the future
make: warning:  Clock skew detected.  Your build may be incomplete.
make: Nothing to be done for `all'.
15:38:29 **** Incremental Build of configuration Debug for project project1_new ****
make all 
make: Warning: File `src/subdir.mk' has modification time 41 s in the future
make: warning:  Clock skew detected.  Your build may be incomplete.
make: Nothing to be done for `all'.
16:17:39 **** Incremental Build of configuration Debug for project project1 ****
make all 
make: Warning: File `src/subdir.mk' has modification time 41 s in the future
Building target: project1.elf
Invoking: MicroBlaze gcc linker
mb-gcc -Wl,-T -Wl,../src/lscript.ld -L../../project1_bsp/microblaze_0/lib -mlittle-endian -mxl-barrel-shift -mcpu=v11.0 -mno-xl-soft-mul -Wl,--no-relax -Wl,--gc-sections -o "project1.elf"  ./src/helloworld.o ./src/platform.o   -Wl,--start-group,-lxil,-lgcc,-lc,--end-group
Finished building target: project1.elf
 
Invoking: MicroBlaze Print Size
mb-size project1.elf  |tee "project1.elf.size"
   text	   data	    bss	    dec	    hex	filename
   3016	    336	   2080	   5432	   1538	project1.elf
Finished building: project1.elf.size
 
make: warning:  Clock skew detected.  Your build may be incomplete.
16:46:35 **** Incremental Build of configuration Debug for project project1 ****
make all 
make: Warning: File `src/subdir.mk' has modification time 41 s in the future
make: warning:  Clock skew detected.  Your build may be incomplete.
make: Nothing to be done for `all'.
16:48:10 **** Incremental Build of configuration Debug for project project1 ****
make all 
make: Warning: File `src/subdir.mk' has modification time 41 s in the future
make: Nothing to be done for `all'.
make: warning:  Clock skew detected.  Your build may be incomplete.
16:49:16 **** Incremental Build of configuration Debug for project project1 ****
make all 
make: Warning: File `src/subdir.mk' has modification time 41 s in the future
make: warning:  Clock skew detected.  Your build may be incomplete.
make: Nothing to be done for `all'.
16:49:28 **** Incremental Build of configuration Debug for project project1 ****
make all 
make: Warning: File `src/subdir.mk' has modification time 41 s in the future
make: warning:  Clock skew detected.  Your build may be incomplete.
make: Nothing to be done for `all'.
16:50:03 **** Incremental Build of configuration Debug for project project1 ****
make all 
make: Warning: File `src/subdir.mk' has modification time 41 s in the future
make: warning:  Clock skew detected.  Your build may be incomplete.
make: Nothing to be done for `all'.
16:50:48 **** Incremental Build of configuration Debug for project project1 ****
make all 
make: Warning: File `src/subdir.mk' has modification time 41 s in the future
make: Nothing to be done for `all'.
make: warning:  Clock skew detected.  Your build may be incomplete.
16:51:12 **** Incremental Build of configuration Debug for project project1 ****
make all 
make: Warning: File `src/subdir.mk' has modification time 41 s in the future
make: warning:  Clock skew detected.  Your build may be incomplete.
make: Nothing to be done for `all'.
16:51:51 **** Incremental Build of configuration Debug for project project1 ****
make all 
make: Warning: File `src/subdir.mk' has modification time 41 s in the future
make: warning:  Clock skew detected.  Your build may be incomplete.
make: Nothing to be done for `all'.
